../Core/Src/main.c:220:5:main	16	static
../Core/Src/main.c:550:6:SystemClock_Config	88	static
../Core/Src/main.c:597:13:MX_ADC1_Init	24	static
../Core/Src/main.c:649:13:MX_I2C1_Init	8	static
../Core/Src/main.c:683:13:MX_SPI1_Init	8	static
../Core/Src/main.c:721:13:MX_TIM2_Init	32	static
../Core/Src/main.c:766:13:MX_TIM3_Init	32	static
../Core/Src/main.c:811:13:MX_TIM4_Init	32	static
../Core/Src/main.c:856:13:MX_UART4_Init	8	static
../Core/Src/main.c:889:13:MX_USART2_UART_Init	8	static
../Core/Src/main.c:922:13:MX_USART3_UART_Init	8	static
../Core/Src/main.c:955:13:MX_USART6_UART_Init	8	static
../Core/Src/main.c:986:13:MX_DMA_Init	16	static
../Core/Src/main.c:1004:13:MX_GPIO_Init	48	static
../Core/Src/main.c:1053:6:HAL_TIM_PeriodElapsedCallback	16	static
../Core/Src/main.c:1084:6:HAL_UART_RxCpltCallback	16	static
../Core/Src/main.c:1112:6:HAL_ADC_ConvCpltCallback	16	static
../Core/Src/main.c:1122:8:E220_write_register	24	static
../Core/Src/main.c:1143:8:E220_read_register	24	static
../Core/Src/main.c:1163:6:imu_offset	16	static
../Core/Src/main.c:1181:6:imu_filter_calculate	32	static
../Core/Src/main.c:1229:6:Altitude_Offset	16	static
../Core/Src/main.c:1243:6:user_delay_ms	16	static
../Core/Src/main.c:1248:6:union_converter	64	static
../Core/Src/main.c:1338:6:EGU_Buff_Load	4	static
../Core/Src/main.c:1361:6:Flash_buff_fill	4	static
../Core/Src/main.c:1421:8:user_i2c_read	24	static
../Core/Src/main.c:1429:8:user_i2c_write	32	static
../Core/Src/main.c:1444:7:BME280_Get_Altitude	24	static
../Core/Src/main.c:1460:6:Error_Handler	4	static,ignoring_inline_asm
